// Jest Snapshot v1, https://goo.gl/fbAQLP

exports[`Show one tutor Show redirection 1`] = `
Array [
  <div
    className="loading"
  >
    Loading
  </div>,
  ",",
]
`;
